[newdetox.com.br/index.html]
[backblue.gif]
[fade.gif]
[index.html]
[newdetox.com.br/wp-content/plugins/wp-rocket/assets/img/youtube.png]
[newdetox.com.br/wp-content/cache/min/1/e5247632520ffb62c620a37f8a9c5db8.css]
[newdetox.com.br/wp-includes/js/jquery/jquery.minaf6c.js]
[newdetox.com.br/feed/index.html]
[newdetox.com.br/comments/feed/index.html]
[newdetox.com.br/wp-includes/js/jquery/jquery-migrate.mind617.js]
[newdetox.com.br/wp-content/plugins/smartfunnel/assets/jquery-ui-1.12.0.custom/jquery-ui.minf049.js]
[newdetox.com.br/wp-json/index.html]
[newdetox.com.br/wp-json/wp/v2/pages/28.json]
[newdetox.com.br/wp-includes/wlwmanifest.xml]
[newdetox.com.br/wp-json/oembed/1.0/embed8f19.json]
[newdetox.com.br/wp-json/oembed/1.0/embed9c08]
[newdetox.com.br/index0db0.html]
[newdetox.com.br/wp-content/uploads/2021/12/cropped-fav-32x32.png]
[newdetox.com.br/wp-content/uploads/2021/12/cropped-fav-192x192.png]
[newdetox.com.br/wp-content/uploads/2021/12/cropped-fav-180x180.png]
[connect.facebook.net/en_US/fbevents.js]
[newdetox.com.br/wp-content/uploads/2021/12/logo.png]
[newdetox.com.br/wp-content/uploads/2021/11/top-6.png]
[newdetox.com.br/wp-content/uploads/elementor/thumbs/agaragar-pgxraz09kol52s2ykgvypcoycyl2fpiegxpy311ibk.png]
[newdetox.com.br/wp-content/uploads/elementor/thumbs/psyllium-pgxrb8enh0y0avpb1ky8eabkataqkojpu88svsnklc.png]
[newdetox.com.br/wp-content/uploads/elementor/thumbs/espirulina-pgxrb3pgiurkotw4t0x3jti9bvxwi7125kzdheujgg.png]
[newdetox.com.br/wp-content/uploads/elementor/thumbs/beterraba-pgxrb0vxycnpq0089hp7uc7vjqbsv3pv570x1kypz4.png]
[newdetox.com.br/wp-content/uploads/elementor/thumbs/cromo-pgxrb2rmc0qad7xhyiigzbqsqi2jahxbtgbw04vxmo.png]
[newdetox.com.br/wp-content/uploads/elementor/thumbs/chlorella-pgxrb1ts56p01lyv403uetzc54762stlhboeiuxbsw.png]
[newdetox.com.br/wp-content/uploads/elementor/thumbs/fariadechia-pgxrb5l4wiu5c1tei1qcot16inomxl8ituacfyrr40.png]
[newdetox.com.br/wp-content/uploads/elementor/thumbs/laranjamoro-pgxrb7gta6wpz9qo72jltsk3pffdczfzi3lbeioyrk.png]
[newdetox.com.br/wp-content/uploads/elementor/thumbs/inulina-pgxrb6iz3cvfnns1ck4z9asn41k05ac95yxtx8qcxs.png]
[newdetox.com.br/wp-content/uploads/elementor/thumbs/b12-pgxrazy3rimfee1lezal9ugeycgfnem4t2dfkb045c.png]
[newdetox.com.br/wp-content/uploads/2021/11/kit1-3.png]
[newdetox.com.br/wp-content/uploads/2021/11/Frete-gratis.png]
[newdetox.com.br/wp-content/uploads/2021/11/kit2-3.png]
[newdetox.com.br/wp-content/uploads/2021/11/kit3-3.png]
[newdetox.com.br/wp-content/uploads/2021/11/kit5-3.png]
[newdetox.com.br/wp-content/uploads/elementor/thumbs/contato-whatsapp-phihmzdr3cv363xxg0hlspp98fm62bhvcnxyuvcikg.png]
[newdetox.com.br/wp-content/uploads/2021/11/visa.png]
[newdetox.com.br/wp-content/uploads/2021/11/master.png]
[newdetox.com.br/wp-content/uploads/2021/11/diners.png]
[newdetox.com.br/wp-content/uploads/2021/11/hiper.png]
[newdetox.com.br/wp-content/uploads/2021/11/elo.png]
[newdetox.com.br/wp-content/uploads/2021/11/aura.png]
[newdetox.com.br/wp-content/uploads/2021/11/american.png]
[newdetox.com.br/wp-content/uploads/2021/11/pag-boleto.png]
[newdetox.com.br/wp-content/uploads/2021/11/pix-icone-1.png]
[newdetox.com.br/wp-content/uploads/2021/11/icons-siteseguro-1-1.png]
[newdetox.com.br/wp-content/themes/astra/assets/js/minified/frontend.min3430.js]
[newdetox.com.br/wp-includes/js/imagesloaded.mineda1.js]
[newdetox.com.br/wp-content/plugins/elementor/assets/js/webpack.runtime.mina25a.js]
[newdetox.com.br/wp-content/plugins/elementor/assets/js/frontend-modules.mina25a.js]
[newdetox.com.br/wp-content/plugins/elementor-pro/assets/lib/sticky/jquery.sticky.min6173.js]
[newdetox.com.br/wp-content/plugins/elementor/assets/lib/waypoints/waypoints.min05da.js]
[newdetox.com.br/wp-content/plugins/elementor-pro/assets/js/frontend.min6173.js]
[newdetox.com.br/wp-content/plugins/elementor/assets/lib/swiper/swiper.min48f5.js]
[newdetox.com.br/wp-content/plugins/elementor/assets/lib/share-link/share-link.mina25a.js]
[newdetox.com.br/wp-content/plugins/elementor/assets/lib/dialog/dialog.mind227.js]
[newdetox.com.br/wp-content/plugins/elementor/assets/js/frontend.mina25a.js]
[newdetox.com.br/wp-content/plugins/jet-elements/assets/js/jet-elements.min16b9.js]
[newdetox.com.br/wp-content/plugins/elementor/assets/js/preloaded-modules.mina25a.js]
[newdetox.com.br/wp-includes/js/underscore.minb37e.js]
[newdetox.com.br/wp-includes/js/wp-util.minf049.js]
[newdetox.com.br/wp-content/plugins/wpforms/assets/js/integrations/elementor/frontend.mind7e2.js]
[newdetox.com.br/index.html]
[newdetox.com.br/wp-content/plugins/wp-rocket/assets/js/lazyload/16.1/lazyload.min.js]
[newdetox.com.br/wp-content/plugins/elementor/assets/lib/eicons/fonts/eiconsdc2c.eot]
[newdetox.com.br/wp-content/plugins/elementor/assets/lib/eicons/fonts/eiconsdc2c.woff2]
[newdetox.com.br/wp-content/plugins/elementor/assets/lib/eicons/fonts/eiconsdc2c.woff]
[newdetox.com.br/wp-content/plugins/elementor/assets/lib/eicons/fonts/eiconsdc2c.ttf]
[newdetox.com.br/wp-content/uploads/2021/11/bg-4-1.png]
[newdetox.com.br/wp-content/plugins/elementor/assets/lib/font-awesome/webfonts/fa-brands-400.eot]
[newdetox.com.br/wp-content/plugins/elementor/assets/lib/font-awesome/webfonts/fa-brands-400d41d.eot]
[newdetox.com.br/wp-content/plugins/elementor/assets/lib/font-awesome/webfonts/fa-brands-400.woff2]
[newdetox.com.br/wp-content/plugins/elementor/assets/lib/font-awesome/webfonts/fa-brands-400.woff]
[newdetox.com.br/wp-content/plugins/elementor/assets/lib/font-awesome/webfonts/fa-brands-400.ttf]
[newdetox.com.br/wp-content/cache/min/1/e5247632520ffb62c620a37f8a9c5db8.css]
[newdetox.com.br/wp-content/themes/astra/assets/css/minified/main.min3430.css]
[newdetox.com.br/wp-includes/css/dist/block-library/style.minf049.css]
[newdetox.com.br/wp-content/plugins/smartfunnel/assets/jquery-ui-1.12.0.custom/jquery-ui.minf049.css]
[newdetox.com.br/wp-content/plugins/jet-elements/assets/css/jet-elements16b9.css]
[newdetox.com.br/wp-content/plugins/jet-elements/assets/css/jet-elements-skin16b9.css]
[newdetox.com.br/wp-content/plugins/elementor/assets/lib/eicons/css/elementor-icons.mine900.css]
[newdetox.com.br/wp-content/plugins/elementor/assets/css/frontend-legacy.mina25a.css]
[newdetox.com.br/wp-content/plugins/elementor/assets/css/frontend.mina25a.css]
[newdetox.com.br/wp-content/uploads/elementor/css/post-30c0d6.css]
[newdetox.com.br/wp-content/plugins/elementor-pro/assets/css/frontend.min6173.css]
[newdetox.com.br/wp-content/uploads/elementor/css/global5e54.css]
[newdetox.com.br/wp-content/uploads/elementor/css/post-281e72.css]
[newdetox.com.br/wp-content/plugins/elementor/assets/lib/font-awesome/css/fontawesome.min52d5.css]
[newdetox.com.br/wp-content/plugins/elementor/assets/lib/font-awesome/css/brands.min52d5.css]
[newdetox.com.br/wp-content/uploads/2021/12/depoimento-amanda.png]
[newdetox.com.br/wp-content/uploads/2021/12/depoimento-leticia.png]
[newdetox.com.br/wp-content/uploads/2021/12/depoimento-lucia.png]
[newdetox.com.br/wp-content/uploads/2021/12/depoimento-soraya.png]
[newdetox.com.br/index0db0.html]
[newdetox.com.br/wp-content/plugins/elementor/assets/lib/animations/animations.mina25a.css]
[connect.facebook.net/en_US/fbevents.js]
[newdetox.com.br/wp-content/plugins/elementor/assets/lib/eicons/fonts/eiconsdc2c.svg]
[newdetox.com.br/wp-content/plugins/elementor/assets/lib/font-awesome/webfonts/fa-brands-400.svg]
[newdetox.com.br/wp-content/themes/astra/assets/css/minified/main.min3430.css]
[newdetox.com.br/wp-includes/css/dist/block-library/style.minf049.css]
[newdetox.com.br/wp-content/plugins/smartfunnel/assets/jquery-ui-1.12.0.custom/images/ui-icons_444444_256x240.png]
[newdetox.com.br/wp-content/plugins/smartfunnel/assets/jquery-ui-1.12.0.custom/images/ui-icons_555555_256x240.png]
[newdetox.com.br/wp-content/plugins/smartfunnel/assets/jquery-ui-1.12.0.custom/images/ui-icons_ffffff_256x240.png]
[newdetox.com.br/wp-content/plugins/smartfunnel/assets/jquery-ui-1.12.0.custom/images/ui-icons_777620_256x240.png]
[newdetox.com.br/wp-content/plugins/smartfunnel/assets/jquery-ui-1.12.0.custom/images/ui-icons_cc0000_256x240.png]
[newdetox.com.br/wp-content/plugins/smartfunnel/assets/jquery-ui-1.12.0.custom/images/ui-icons_777777_256x240.png]
[newdetox.com.br/wp-content/plugins/smartfunnel/assets/jquery-ui-1.12.0.custom/jquery-ui.minf049.css]
[newdetox.com.br/wp-content/plugins/jet-elements/assets/images/dummy-map.png]
[newdetox.com.br/wp-content/plugins/jet-elements/assets/css/jet-elements16b9.css]
[newdetox.com.br/wp-content/plugins/jet-elements/assets/css/jet-elements-skin16b9.css]
[newdetox.com.br/wp-content/plugins/elementor/assets/lib/eicons/css/elementor-icons.mine900.css]
[newdetox.com.br/wp-content/plugins/elementor/assets/css/frontend-legacy.mina25a.css]
[newdetox.com.br/wp-content/plugins/elementor/assets/css/frontend.mina25a.css]
[newdetox.com.br/wp-content/uploads/elementor/css/post-30c0d6.css]
[newdetox.com.br/wp-content/plugins/elementor-pro/assets/css/frontend.min6173.css]
[newdetox.com.br/wp-content/uploads/elementor/css/global5e54.css]
[newdetox.com.br/wp-content/uploads/elementor/css/post-281e72.css]
[newdetox.com.br/wp-content/plugins/elementor/assets/lib/font-awesome/css/fontawesome.min52d5.css]
[newdetox.com.br/wp-content/plugins/elementor/assets/lib/font-awesome/css/brands.min52d5.css]
[newdetox.com.br/wp-content/plugins/elementor/assets/lib/animations/animations.mina25a.css]
[newdetox.com.br/c.html]
[newdetox.com.br/b.html]
[newdetox.com.br/POST.html]
